
Allocating common symbols
Common symbol       size              file

p                   0xcc              main_rtx.o
blocked_queue       0x18              process.o
old_stack           0x4               /tmp/cckAVDUV.o
ready_queue         0x14              process.o
free_blocks         0x4               process.o
main_stack          0x1000            /tmp/cckAVDUV.o
mem_end             0x4               memory.o

Memory Configuration

Name             Origin             Length             Attributes
ram              0x10100000         0x00100000
*default*        0x00000000         0xffffffff

Linker script and memory map

LOAD /tmp/cckAVDUV.o
LOAD process.o
LOAD init.o
LOAD memory.o
LOAD dbug.o
LOAD rtx.o
LOAD main_rtx.o
START GROUP
LOAD /opt/gcc-coldfire/bin/../lib/gcc/m68k-elf/4.3.2/m5307/libgcc.a
END GROUP
                0x00000000                __DYNAMIC = 0x0
                0x00000000                PROVIDE (hardware_init_hook, 0x0)
                0x00000000                PROVIDE (_hardware_init_hook, 0x0)
                0x00000000                PROVIDE (software_init_hook, 0x0)
                0x00000000                PROVIDE (_software_init_hook, 0x0)

.text           0x10100000     0x157a
 *(.text)
 .text          0x10100000       0x1e /tmp/cckAVDUV.o
 *fill*         0x1010001e        0x2 00
 .text          0x10100020      0x560 process.o
                0x101004d4                is_waiting_for
                0x10100020                release_processor_kuma_san
                0x10100534                set_process_state
                0x1010048e                process_exists
                0x1010045e                get_process_priority_usagi_san
                0x101003f2                get_process_from_ID
                0x10100208                schedule_next_process
                0x1010044c                get_process_ID
                0x1010055a                set_process_to_run
 .text          0x10100580      0x41e init.o
                0x10100798                push_down_first_night
                0x1010063a                put_to_blocked
                0x101007fe                push_test
                0x10100580                put_to_ready
                0x10100748                pop
                0x101006f8                remove_from_blocked
                0x101007ec                pop_test
                0x101006b8                remove_from_ready
                0x10100772                push
 *fill*         0x1010099e        0x2 00
 .text          0x101009a0      0x270 memory.o
                0x10100a06                s_release_memory_block
                0x101009a0                s_request_memory_block
                0x10100b06                initBlock
 .text          0x10100c10       0x5c dbug.o
                0x10100c30                rtx_dbug_outs
                0x10100c10                rtx_dbug_out_char
 .text          0x10100c6c       0xcc rtx.o
                0x10100d16                get_process_priority
                0x10100c9a                request_memory_block
                0x10100cfe                set_process_priority
                0x10100c6c                send_message
                0x10100cb2                release_memory_block
                0x10100c84                receive_message
                0x10100ce6                delayed_send
                0x10100cca                release_processor
 .text          0x10100d38      0x2f4 main_rtx.o
                0x10100d38                __main
                0x10100d42                main
                0x1010102c                . = ALIGN (0x4)
                0x1010102c                __CTOR_LIST__ = .
                0x1010102c        0x4 LONG 0x0 (((__CTOR_END__ - __CTOR_LIST__) / 0x4) - 0x2)
 *(.ctors)
                0x10101030        0x4 LONG 0x0
                0x10101034                __CTOR_END__ = .
                0x10101034                __DTOR_LIST__ = .
                0x10101034        0x4 LONG 0x0 (((__DTOR_END__ - __DTOR_LIST__) / 0x4) - 0x2)
 *(.dtors)
                0x10101038        0x4 LONG 0x0
                0x1010103c                __DTOR_END__ = .
 *(.rodata*)
 .rodata        0x1010103c      0x245 process.o
 .rodata        0x10101281       0xc0 init.o
 .rodata        0x10101341       0x7c memory.o
                0x10101342                FREE
                0x10101344                FAILURE
                0x10101343                SUCCESS
                0x10101341                USED
 .rodata        0x101013bd       0xd0 rtx.o
 .rodata        0x1010148d       0xdd main_rtx.o
 *(.gcc_except_table)
                0x1010156a                __INIT_SECTION__ = .
                0x1010156a        0x4 LONG 0x4e560000
 *(.init)
                0x1010156e        0x2 SHORT 0x4e5e
                0x10101570        0x2 SHORT 0x4e75
                0x10101572                __FINI_SECTION__ = .
                0x10101572        0x4 LONG 0x4e560000
 *(.fini)
                0x10101576        0x2 SHORT 0x4e5e
                0x10101578        0x2 SHORT 0x4e75
                0x1010157a                _etext = .
 *(.lit)

.data           0x1010157c        0x0
 *(.shdata)
 *(.data)
 .data          0x1010157c        0x0 /tmp/cckAVDUV.o
 .data          0x1010157c        0x0 process.o
 .data          0x1010157c        0x0 init.o
 .data          0x1010157c        0x0 memory.o
 .data          0x1010157c        0x0 dbug.o
 .data          0x1010157c        0x0 rtx.o
 .data          0x1010157c        0x0 main_rtx.o
                0x1010157c                _edata = .

.bss            0x1010157c     0x1124
                0x1010157c                __bss_start = .
 *(.shbss)
 *(.bss)
 .bss           0x1010157c        0x0 /tmp/cckAVDUV.o
 .bss           0x1010157c        0x8 process.o
                0x1010157c                current_running_process
                0x10101580                imma_epeen_process
 .bss           0x10101584        0x4 init.o
                0x10101584                used_blocks
 .bss           0x10101588        0x0 memory.o
 .bss           0x10101588        0x0 dbug.o
 .bss           0x10101588        0x0 rtx.o
 .bss           0x10101588        0x0 main_rtx.o
 *(COMMON)
 *fill*         0x10101588        0x8 00
 COMMON         0x10101590     0x1010 /tmp/cckAVDUV.o
                0x10101590                old_stack
                0x101015a0                main_stack
 COMMON         0x101025a0       0x30 process.o
                0x101025a0                blocked_queue
                0x101025b8                ready_queue
                0x101025cc                free_blocks
 COMMON         0x101025d0        0x4 memory.o
                0x101025d0                mem_end
 COMMON         0x101025d4       0xcc main_rtx.o
                0x101025d4                p
                0x101026a0                _end = ALIGN (0x8)
                0x101026a0                __end = _end

.stab
 *(.stab)

.stabstr
 *(.stabstr)

__REGISTER_RTX__
                0x10300000       0x84
                0x10300000                __REGISTER_RTX_ENTRY__ = <code 345> (.)
 *(__REGISTER_RTX__)
 __REGISTER_RTX__
                0x10300000       0x84 main_rtx.o
                0x10300000                register_rtx
                0x10380000                __REGISTER_TEST_PROCS_ENTRY__ = 0x10380000
                0x10400000                __RTX_TEST_CODE_ENTRY__ = 0x10400000

__RTX_TEST_DATA__
                0x10500000       0x5c
 *(__RTX_TEST_DATA__)
 __RTX_TEST_DATA__
                0x10500000       0x5c main_rtx.o
                0x10500020                g_test_proc
                0x10500000                g_test_fixture
OUTPUT(rtx.bin elf32-m68k)

.comment        0x00000000       0xea
 .comment       0x00000000       0x27 process.o
 .comment       0x00000027       0x27 init.o
 .comment       0x0000004e       0x27 memory.o
 .comment       0x00000075       0x27 dbug.o
 .comment       0x0000009c       0x27 rtx.o
 .comment       0x000000c3       0x27 main_rtx.o
