
Allocating common symbols
Common symbol       size              file

old_stack           0x4               /tmp/ccFbaMHr.o
main_stack          0x1000            /tmp/ccFbaMHr.o

Memory Configuration

Name             Origin             Length             Attributes
ram              0x10100000         0x00100000
*default*        0x00000000         0xffffffff

Linker script and memory map

LOAD /tmp/ccFbaMHr.o
LOAD /tmp/ccGj190I.o
LOAD ../dbug/dbug.o
LOAD serial.o
START GROUP
LOAD /opt/gcc-coldfire/bin/../lib/gcc/m68k-elf/4.3.2/m5307/libgcc.a
END GROUP
                0x00000000                __DYNAMIC = 0x0
                0x00000000                PROVIDE (hardware_init_hook, 0x0)
                0x00000000                PROVIDE (_hardware_init_hook, 0x0)
                0x00000000                PROVIDE (software_init_hook, 0x0)
                0x00000000                PROVIDE (_software_init_hook, 0x0)

.text           0x10100000      0x31f
 *(.text)
 .text          0x10100000       0x1e /tmp/ccFbaMHr.o
 *fill*         0x1010001e        0x2 00
 .text          0x10100020       0x44 /tmp/ccGj190I.o
                0x10100020                asm_serial_entry
 .text          0x10100064       0x5c ../dbug/dbug.o
                0x10100084                rtx_dbug_outs
                0x10100064                rtx_dbug_out_char
 .text          0x101000c0      0x218 serial.o
                0x101000c0                __main
                0x10100152                coldfire_vbr_init
                0x101000ca                c_serial_handler
                0x1010016a                main
                0x101002d8                . = ALIGN (0x4)
                0x101002d8                __CTOR_LIST__ = .
                0x101002d8        0x4 LONG 0x0 (((__CTOR_END__ - __CTOR_LIST__) / 0x4) - 0x2)
 *(.ctors)
                0x101002dc        0x4 LONG 0x0
                0x101002e0                __CTOR_END__ = .
                0x101002e0                __DTOR_LIST__ = .
                0x101002e0        0x4 LONG 0x0 (((__DTOR_END__ - __DTOR_LIST__) / 0x4) - 0x2)
 *(.dtors)
                0x101002e4        0x4 LONG 0x0
                0x101002e8                __DTOR_END__ = .
 *(.rodata*)
 .rodata        0x101002e8       0x27 serial.o
 *(.gcc_except_table)
                0x1010030f                __INIT_SECTION__ = .
                0x1010030f        0x4 LONG 0x4e560000
 *(.init)
                0x10100313        0x2 SHORT 0x4e5e
                0x10100315        0x2 SHORT 0x4e75
                0x10100317                __FINI_SECTION__ = .
                0x10100317        0x4 LONG 0x4e560000
 *(.fini)
                0x1010031b        0x2 SHORT 0x4e5e
                0x1010031d        0x2 SHORT 0x4e75
                0x1010031f                _etext = .
 *(.lit)

.data           0x10100320       0x1a
 *(.shdata)
 *(.data)
 .data          0x10100320        0x0 /tmp/ccFbaMHr.o
 .data          0x10100320        0x0 /tmp/ccGj190I.o
 .data          0x10100320        0x0 ../dbug/dbug.o
 .data          0x10100320       0x1a serial.o
                0x10100320                CharIn
                0x1010032a                StringHack
                0x10100326                Printed
                0x10100322                Caught
                0x1010033a                _edata = .

.bss            0x1010033c     0x1024
                0x1010033c                __bss_start = .
 *(.shbss)
 *(.bss)
 .bss           0x1010033c        0x0 /tmp/ccFbaMHr.o
 .bss           0x1010033c        0x0 /tmp/ccGj190I.o
 .bss           0x1010033c        0x0 ../dbug/dbug.o
 .bss           0x1010033c        0x5 serial.o
                0x1010033c                NewLine
                0x10100340                CharOut
 *(COMMON)
 *fill*         0x10100341        0xf 00
 COMMON         0x10100350     0x1010 /tmp/ccFbaMHr.o
                0x10100350                old_stack
                0x10100360                main_stack
                0x10101360                _end = ALIGN (0x8)
                0x10101360                __end = _end

.stab
 *(.stab)

.stabstr
 *(.stabstr)

__REGISTER_RTX__
                0x10300000        0x0
                0x10300000                __REGISTER_RTX_ENTRY__ = <code 345> (.)
 *(__REGISTER_RTX__)
                0x10380000                __REGISTER_TEST_PROCS_ENTRY__ = 0x10380000
                0x10400000                __RTX_TEST_CODE_ENTRY__ = 0x10400000

__RTX_TEST_DATA__
 *(__RTX_TEST_DATA__)
OUTPUT(serial.bin elf32-m68k)

.comment        0x00000000       0x4e
 .comment       0x00000000       0x27 ../dbug/dbug.o
 .comment       0x00000027       0x27 serial.o
