
Allocating common symbols
Common symbol       size              file

old_stack           0x4               /tmp/ccS84812.o
main_stack          0x1000            /tmp/ccS84812.o

Memory Configuration

Name             Origin             Length             Attributes
ram              0x10100000         0x00100000
*default*        0x00000000         0xffffffff

Linker script and memory map

LOAD /tmp/ccS84812.o
LOAD rtx.o
LOAD dbug.o
LOAD main_rtx.o
START GROUP
LOAD /usr/local/coldfire/lib/gcc/m68k-elf/3.4.6/m5307/libgcc.a
END GROUP
                0x00000000                __DYNAMIC = 0x0
                0x00000000                PROVIDE (hardware_init_hook, 0x0)
                0x00000000                PROVIDE (_hardware_init_hook, 0x0)
                0x00000000                PROVIDE (software_init_hook, 0x0)
                0x00000000                PROVIDE (_software_init_hook, 0x0)

.text           0x10100000      0x2b4
 *(.text)
 .text          0x10100000       0x1e /tmp/ccS84812.o
 *fill*         0x1010001e        0x2 00
 .text          0x10100020       0xbe rtx.o
                0x101000c6                get_process_priority
                0x1010004e                request_memory_block
                0x101000ae                set_process_priority
                0x10100020                send_message
                0x10100066                release_memory_block
                0x10100038                receive_message
                0x10100096                delayed_send
                0x1010007e                release_processor
 *fill*         0x101000de        0x2 00
 .text          0x101000e0       0x5e dbug.o
                0x10100100                rtx_dbug_outs
                0x101000e0                rtx_dbug_out_char
 *fill*         0x1010013e        0x2 00
 .text          0x10100140       0x30 main_rtx.o
                0x10100140                __main
                0x1010014a                main
                0x10100170                . = ALIGN (0x4)
                0x10100170                __CTOR_LIST__ = .
                0x10100170        0x4 LONG 0x0 (((__CTOR_END__ - __CTOR_LIST__) / 0x4) - 0x2)
 *(.ctors)
                0x10100174        0x4 LONG 0x0
                0x10100178                __CTOR_END__ = .
                0x10100178                __DTOR_LIST__ = .
                0x10100178        0x4 LONG 0x0 (((__DTOR_END__ - __DTOR_LIST__) / 0x4) - 0x2)
 *(.dtors)
                0x1010017c        0x4 LONG 0x0
                0x10100180                __DTOR_END__ = .
 *(.rodata*)
 .rodata        0x10100180       0xd0 rtx.o
 .rodata        0x10100250       0x54 main_rtx.o
 *(.gcc_except_table)
                0x101002a4                __INIT_SECTION__ = .
                0x101002a4        0x4 LONG 0x4e560000
 *(.init)
                0x101002a8        0x2 SHORT 0x4e5e
                0x101002aa        0x2 SHORT 0x4e75
                0x101002ac                __FINI_SECTION__ = .
                0x101002ac        0x4 LONG 0x4e560000
 *(.fini)
                0x101002b0        0x2 SHORT 0x4e5e
                0x101002b2        0x2 SHORT 0x4e75
                0x101002b4                _etext = .
 *(.lit)

.data           0x101002b4        0x0
 *(.shdata)
 *(.data)
 .data          0x101002b4        0x0 /tmp/ccS84812.o
 .data          0x101002b4        0x0 rtx.o
 .data          0x101002b4        0x0 dbug.o
 .data          0x101002b4        0x0 main_rtx.o
                0x101002b4                _edata = .

.bss            0x101002b4     0x101c
                0x101002b4                __bss_start = .
 *(.shbss)
 *(.bss)
 .bss           0x101002b4        0x0 /tmp/ccS84812.o
 .bss           0x101002b4        0x0 rtx.o
 .bss           0x101002b4        0x0 dbug.o
 .bss           0x101002b4        0x0 main_rtx.o
 *(COMMON)
 *fill*         0x101002b4        0xc 00
 COMMON         0x101002c0     0x1010 /tmp/ccS84812.o
                0x101002c0                old_stack
                0x101002d0                main_stack
                0x101012d0                _end = ALIGN (0x8)
                0x101012d0                __end = _end

.stab
 *(.stab)

.stabstr
 *(.stabstr)

__REGISTER_RTX__
                0x10300000       0x84
                0x10300000                __REGISTER_RTX_ENTRY__ = <code 342> (.)
 *(__REGISTER_RTX__)
 __REGISTER_RTX__
                0x10300000       0x84 main_rtx.o
                0x10300000                register_rtx
                0x10380000                __REGISTER_TEST_PROCS_ENTRY__ = 0x10380000
                0x10400000                __RTX_TEST_CODE_ENTRY__ = 0x10400000

__RTX_TEST_DATA__
                0x10500000       0x5c
 *(__RTX_TEST_DATA__)
 __RTX_TEST_DATA__
                0x10500000       0x5c main_rtx.o
                0x10500020                g_test_proc
                0x10500000                g_test_fixture
OUTPUT(rtx.bin elf32-m68k)

.comment        0x00000000       0x36
 .comment       0x00000000       0x12 rtx.o
 .comment       0x00000012       0x12 dbug.o
 .comment       0x00000024       0x12 main_rtx.o
