
Allocating common symbols
Common symbol       size              file

old_stack           0x4               /tmp/ccqpZufZ.o
main_stack          0x1000            /tmp/ccqpZufZ.o

Memory Configuration

Name             Origin             Length             Attributes
ram              0x10200000         0x00100000
*default*        0x00000000         0xffffffff

Linker script and memory map

LOAD /tmp/ccqpZufZ.o
LOAD dbug.o
LOAD rtx_loader.o
START GROUP
LOAD /usr/local/coldfire/lib/gcc/m68k-elf/3.4.6/m5307/libgcc.a
END GROUP
                0x00000000                __DYNAMIC = 0x0
                0x00000000                PROVIDE (hardware_init_hook, 0x0)
                0x00000000                PROVIDE (_hardware_init_hook, 0x0)
                0x00000000                PROVIDE (software_init_hook, 0x0)
                0x00000000                PROVIDE (_software_init_hook, 0x0)

.text           0x10200000      0x1b0
 *(.text)
 .text          0x10200000       0x1e /tmp/ccqpZufZ.o
 *fill*         0x1020001e        0x2 00
 .text          0x10200020       0x5e dbug.o
                0x10200040                rtx_dbug_outs
                0x10200020                rtx_dbug_out_char
 *fill*         0x1020007e        0x2 00
 .text          0x10200080       0x5a rtx_loader.o
                0x10200080                main
                0x102000dc                . = ALIGN (0x4)
 *fill*         0x102000da        0x2 00
                0x102000dc                __CTOR_LIST__ = .
                0x102000dc        0x4 LONG 0x0 (((__CTOR_END__ - __CTOR_LIST__) / 0x4) - 0x2)
 *(.ctors)
                0x102000e0        0x4 LONG 0x0
                0x102000e4                __CTOR_END__ = .
                0x102000e4                __DTOR_LIST__ = .
                0x102000e4        0x4 LONG 0x0 (((__DTOR_END__ - __DTOR_LIST__) / 0x4) - 0x2)
 *(.dtors)
                0x102000e8        0x4 LONG 0x0
                0x102000ec                __DTOR_END__ = .
 *(.rodata*)
 .rodata        0x102000ec       0xb4 rtx_loader.o
 *(.gcc_except_table)
                0x102001a0                __INIT_SECTION__ = .
                0x102001a0        0x4 LONG 0x4e560000
 *(.init)
                0x102001a4        0x2 SHORT 0x4e5e
                0x102001a6        0x2 SHORT 0x4e75
                0x102001a8                __FINI_SECTION__ = .
                0x102001a8        0x4 LONG 0x4e560000
 *(.fini)
                0x102001ac        0x2 SHORT 0x4e5e
                0x102001ae        0x2 SHORT 0x4e75
                0x102001b0                _etext = .
 *(.lit)

.data           0x102001b0        0x0
 *(.shdata)
 *(.data)
 .data          0x102001b0        0x0 /tmp/ccqpZufZ.o
 .data          0x102001b0        0x0 dbug.o
 .data          0x102001b0        0x0 rtx_loader.o
                0x102001b0                _edata = .

.bss            0x102001b0     0x1010
                0x102001b0                __bss_start = .
 *(.shbss)
 *(.bss)
 .bss           0x102001b0        0x0 /tmp/ccqpZufZ.o
 .bss           0x102001b0        0x0 dbug.o
 .bss           0x102001b0        0x0 rtx_loader.o
 *(COMMON)
 COMMON         0x102001b0     0x1010 /tmp/ccqpZufZ.o
                0x102001b0                old_stack
                0x102001c0                main_stack
                0x102011c0                _end = ALIGN (0x8)
                0x102011c0                __end = _end

.stab
 *(.stab)

.stabstr
 *(.stabstr)
                0x10100000                __RTX_ENTRY__ = 0x10100000
                0x10300000                __REGISTER_RTX_ENTRY__ = 0x10300000
                0x10380000                __REGISTER_TEST_PROCS_ENTRY__ = 0x10380000

__RTX_TEST_CODE__
                0x10400000        0x0
                0x10400000                __RTX_TEST_CODE_ENTRY__ = <code 342> (.)
 *(__RTX_TEST_CODE__)

__RTX_TEST_DATA__
                0x10500000       0x5c
 *(__RTX_TEST_DATA__)
 __RTX_TEST_DATA__
                0x10500000       0x5c rtx_loader.o
                0x10500020                g_test_proc
                0x10500000                g_test_fixture
OUTPUT(rtx_loader.bin elf32-m68k)

.comment        0x00000000       0x24
 .comment       0x00000000       0x12 dbug.o
 .comment       0x00000012       0x12 rtx_loader.o
