
Allocating common symbols
Common symbol       size              file

old_stack           0x4               /tmp/ccUO47ao.o
main_stack          0x1000            /tmp/ccUO47ao.o

Memory Configuration

Name             Origin             Length             Attributes
ram              0x10100000         0x00100000
*default*        0x00000000         0xffffffff

Linker script and memory map

LOAD /tmp/ccUO47ao.o
LOAD /tmp/ccEvwQ3B.o
LOAD /tmp/cc6IXDWN.o
LOAD ../dbug/dbug.o
LOAD timer.o
START GROUP
LOAD /opt/gcc-coldfire/bin/../lib/gcc/m68k-elf/4.3.2/m5307/libgcc.a
END GROUP
                0x00000000                __DYNAMIC = 0x0
                0x00000000                PROVIDE (hardware_init_hook, 0x0)
                0x00000000                PROVIDE (_hardware_init_hook, 0x0)
                0x00000000                PROVIDE (software_init_hook, 0x0)
                0x00000000                PROVIDE (_software_init_hook, 0x0)

.text           0x10100000      0x494
 *(.text)
 .text          0x10100000       0x1e /tmp/ccUO47ao.o
 *fill*         0x1010001e        0x2 00
 .text          0x10100020       0x44 /tmp/ccEvwQ3B.o
                0x10100020                asm_timer_entry
 .text          0x10100064       0x44 /tmp/cc6IXDWN.o
                0x10100064                asm_serial_entry
 .text          0x101000a8       0x5c ../dbug/dbug.o
                0x101000c8                rtx_dbug_outs
                0x101000a8                rtx_dbug_out_char
 .text          0x10100104      0x36e timer.o
                0x10100104                __main
                0x101002f0                print
                0x101001aa                coldfire_vbr_init
                0x1010010e                c_timer_handler
                0x1010012e                c_serial_handler
                0x1010033a                main
                0x101001c2                convert
                0x10100474                . = ALIGN (0x4)
 *fill*         0x10100472        0x2 00
                0x10100474                __CTOR_LIST__ = .
                0x10100474        0x4 LONG 0x0 (((__CTOR_END__ - __CTOR_LIST__) / 0x4) - 0x2)
 *(.ctors)
                0x10100478        0x4 LONG 0x0
                0x1010047c                __CTOR_END__ = .
                0x1010047c                __DTOR_LIST__ = .
                0x1010047c        0x4 LONG 0x0 (((__DTOR_END__ - __DTOR_LIST__) / 0x4) - 0x2)
 *(.dtors)
                0x10100480        0x4 LONG 0x0
                0x10100484                __DTOR_END__ = .
 *(.rodata*)
 *(.gcc_except_table)
                0x10100484                __INIT_SECTION__ = .
                0x10100484        0x4 LONG 0x4e560000
 *(.init)
                0x10100488        0x2 SHORT 0x4e5e
                0x1010048a        0x2 SHORT 0x4e75
                0x1010048c                __FINI_SECTION__ = .
                0x1010048c        0x4 LONG 0x4e560000
 *(.fini)
                0x10100490        0x2 SHORT 0x4e5e
                0x10100492        0x2 SHORT 0x4e75
                0x10100494                _etext = .
 *(.lit)

.data           0x10100494       0x10
 *(.shdata)
 *(.data)
 .data          0x10100494        0x0 /tmp/ccUO47ao.o
 .data          0x10100494        0x0 /tmp/ccEvwQ3B.o
 .data          0x10100494        0x0 /tmp/cc6IXDWN.o
 .data          0x10100494        0x0 ../dbug/dbug.o
 .data          0x10100494       0x10 timer.o
                0x1010049e                CharIn
                0x10100494                timeString
                0x101004a0                Caught
                0x101004a4                _edata = .

.bss            0x101004a4     0x101c
                0x101004a4                __bss_start = .
 *(.shbss)
 *(.bss)
 .bss           0x101004a4        0x0 /tmp/ccUO47ao.o
 .bss           0x101004a4        0x0 /tmp/ccEvwQ3B.o
 .bss           0x101004a4        0x0 /tmp/cc6IXDWN.o
 .bss           0x101004a4        0x0 ../dbug/dbug.o
 .bss           0x101004a4        0x9 timer.o
                0x101004a4                Counter
                0x101004a8                time
                0x101004ac                CharOut
 *(COMMON)
 *fill*         0x101004ad        0x3 00
 COMMON         0x101004b0     0x1010 /tmp/ccUO47ao.o
                0x101004b0                old_stack
                0x101004c0                main_stack
                0x101014c0                _end = ALIGN (0x8)
                0x101014c0                __end = _end

.stab
 *(.stab)

.stabstr
 *(.stabstr)

__REGISTER_RTX__
                0x10300000        0x0
                0x10300000                __REGISTER_RTX_ENTRY__ = <code 345> (.)
 *(__REGISTER_RTX__)
                0x10380000                __REGISTER_TEST_PROCS_ENTRY__ = 0x10380000
                0x10400000                __RTX_TEST_CODE_ENTRY__ = 0x10400000

__RTX_TEST_DATA__
 *(__RTX_TEST_DATA__)
OUTPUT(timer.bin elf32-m68k)

.comment        0x00000000       0x4e
 .comment       0x00000000       0x27 ../dbug/dbug.o
 .comment       0x00000027       0x27 timer.o
